../Core/Src/cwpack.c:53:12:test_byte_order	16	static
../Core/Src/cwpack.c:75:5:cw_pack_context_init	24	static
../Core/Src/cwpack.c:87:6:cw_pack_set_compatibility	16	static
../Core/Src/cwpack.c:92:6:cw_pack_set_flush_handler	16	static
../Core/Src/cwpack.c:102:6:cw_pack_unsigned	168	static
../Core/Src/cwpack.c:124:6:cw_pack_signed	304	static
../Core/Src/cwpack.c:159:6:cw_pack_float	32	static
../Core/Src/cwpack.c:169:6:cw_pack_double	136	static
../Core/Src/cwpack.c:179:6:cw_pack_nil	24	static
../Core/Src/cwpack.c:188:6:cw_pack_true	24	static
../Core/Src/cwpack.c:197:6:cw_pack_false	24	static
../Core/Src/cwpack.c:206:6:cw_pack_boolean	24	static
../Core/Src/cwpack.c:215:6:cw_pack_array_size	48	static
../Core/Src/cwpack.c:230:6:cw_pack_map_size	48	static
../Core/Src/cwpack.c:245:6:cw_pack_str	64	static
../Core/Src/cwpack.c:284:6:cw_pack_bin	56	static
../Core/Src/cwpack.c:322:6:cw_pack_ext	96	static
../Core/Src/cwpack.c:383:6:cw_pack_time	272	static
../Core/Src/cwpack.c:429:6:cw_pack_insert	40	static
../Core/Src/cwpack.c:437:6:cw_pack_flush	16	static
../Core/Src/cwpack.c:450:5:cw_unpack_context_init	24	static
../Core/Src/cwpack.c:465:6:cw_unpack_next	920	static
../Core/Src/cwpack.c:600:6:cw_skip_items	240	static
../Core/Src/cwpack.c:739:19:cw_look_ahead	64	static
