../Core/Inc/DWT_Delay.h:23:22:DWT_Delay_us	24	static
../Core/Inc/DWT_Delay.h:32:22:DWT_Delay_ms	24	static
../Core/Src/LCD16x2.c:20:6:LCD_DATA	16	static
../Core/Src/LCD16x2.c:39:6:LCD_CMD	16	static
../Core/Src/LCD16x2.c:51:6:LCD_Clear	8	static
../Core/Src/LCD16x2.c:57:6:LCD_Set_Cursor	24	static
../Core/Src/LCD16x2.c:78:6:LCD_Init	48	static
../Core/Src/LCD16x2.c:126:6:LCD_Write_Char	24	static
../Core/Src/LCD16x2.c:146:6:LCD_Write_String	24	static
../Core/Src/LCD16x2.c:152:6:LCD_SL	8	static
../Core/Src/LCD16x2.c:158:6:LCD_SR	8	static
