../Core/Src/main.c:73:5:main	8	static
../Core/Src/main.c:132:6:pack_telemetry	64	static
../Core/Src/main.c:153:6:unpack_commands	24	static
../Core/Src/main.c:184:6:send_telemetry	8	static
../Core/Src/main.c:203:6:receive_commands	8	static
../Core/Src/main.c:217:6:display_data_on_lcd	16	static
../Core/Src/main.c:249:6:do_something_with_commands	4	static
../Core/Src/main.c:258:6:SystemClock_Config	96	static
../Core/Src/main.c:303:6:HAL_UART_TxCpltCallback	16	static
../Core/Src/main.c:317:6:HAL_UART_RxCpltCallback	16	static
../Core/Src/main.c:326:13:MX_UART4_Init	8	static
../Core/Src/main.c:351:13:MX_DMA_Init	16	static
../Core/Src/main.c:370:13:MX_GPIO_Init	24	static
../Core/Src/main.c:381:6:Error_Handler	4	static,ignoring_inline_asm
