../Core/Src/main.c:69:5:main	8	static
../Core/Src/main.c:119:6:pack_telemetry	56	static
../Core/Src/main.c:139:6:unpack_commands	24	static
../Core/Src/main.c:169:6:send_telemetry	16	static
../Core/Src/main.c:195:6:receive_commands	24	static
../Core/Src/main.c:254:6:display_data_on_lcd	16	static
../Core/Src/main.c:284:6:do_something_with_commands	16	static
../Core/Src/main.c:293:6:SystemClock_Config	96	static
../Core/Src/main.c:335:6:HAL_UART_TxCpltCallback	16	static
../Core/Src/main.c:349:6:HAL_UART_RxCpltCallback	16	static
../Core/Src/main.c:362:13:MX_USART1_UART_Init	8	static
../Core/Src/main.c:386:13:MX_DMA_Init	16	static
../Core/Src/main.c:404:13:MX_GPIO_Init	16	static
../Core/Src/main.c:416:6:Error_Handler	4	static,ignoring_inline_asm
